/home/code/app/base/src/src/sec/client/src/string2key.c
/home/code/os/core/v2/support/os/install/include/errno.h
/home/code/os/core/v2/support/os/install/include/halconf/isoinfra.h
/home/code/os/core/v2/support/os/install/include/base/error/codes.h
/home/code/os/core/v2/support/os/install/include/halconf/error.h
/home/code/os/core/v2/support/os/install/include/base/error/errno.h
/home/code/app/base/src/src/sec/client/memory.h
/home/code/os/core/v2/support/os/install/include/string.h
/home/code/os/core/v2/support/os/install/include/stddef.h
/usr/local/gnutools/mipsisa32-elf-i386-linux/lib/gcc-lib/mipsisa32-elf/3.2.1/include/stddef.h
/home/code/os/core/v2/support/os/install/include/base/error/strerror.h
/home/code/os/core/v2/support/os/install/include/base/lib/string/string.h
/home/code/os/core/v2/support/os/install/include/halconf/libc_string.h
/home/code/os/core/v2/support/os/install/include/base/lib/string/string.inl
/home/code/os/core/v2/support/os/install/include/base/lib/string/bsdstring.h
/home/code/app/base/src/src/inc/logrtc.h
/home/code/app/base/src/src/inc/bas/logrtcbas.h
/home/code/app/base/apps/basinc/src/logrtcbasCustom.h
/home/code/app/base/common/blog/inc/blog.h
/home/code/app/base/common/blog/basinc/blogbas.h
/home/code/app/base/apps/basinc/common/blogbasCustom.h
/home/code/app/base/common/bos/inc/bosTypes.h
/home/code/app/base/common/bos/inc/bosbas.h
/home/code/app/base/apps/basinc/common/bosbasCustom.h
/home/code/os/core/v2/support/os/install/include/base/hal/basetype.h
/home/code/os/core/v2/support/os/install/include/halconf/hal.h
/home/code/os/core/v2/support/os/install/include/halconf/system.h
/home/code/os/core/v2/support/os/install/include/halconf/hal_mips_mips32.h
/home/code/os/core/v2/support/os/install/include/halconf/hal_mips.h
/home/code/os/core/v2/support/os/install/include/halconf/hal_mips_bcm33xx.h
/home/code/app/base/common/bos/os/bosTypeszork.h
/home/code/os/core/v2/support/os/install/include/sys/time.h
/home/code/os/core/v2/support/os/install/include/sys/types.h
/home/code/os/core/v2/support/os/install/include/base/posix/muttypes.h
/home/code/os/core/v2/support/os/install/include/halconf/posix.h
/home/code/os/core/v2/support/os/install/include/halconf/kernel.h
/home/code/os/core/v2/support/os/install/include/halconf/infra.h
/home/code/os/core/v2/support/os/install/include/base/infra/bin_type.h
/home/code/os/core/v2/support/os/install/include/base/posix/types.h
/home/code/os/core/v2/support/os/install/include/sys/select.h
/home/code/os/core/v2/support/os/install/include/sys/bsdtypes.h
/home/code/os/core/v2/support/os/install/include/base/hal/hal_arch.h
/home/code/os/core/v2/support/os/install/include/base/hal/var_arch.h
/home/code/os/core/v2/support/os/install/include/time.h
/home/code/os/core/v2/support/os/install/include/base/posix/time.h
/home/code/os/core/v2/support/os/install/include/base/lib/time/time.h
/home/code/os/core/v2/support/os/install/include/halconf/libc_time.h
/home/code/os/core/v2/support/os/install/include/base/lib/time/time.inl
/home/code/os/core/v2/support/os/install/include/base/infra/bin_ass.h
/home/code/os/core/v2/support/os/install/include/base/infra/bin_trac.h
/home/code/os/core/v2/support/os/install/include/base/lib/time/timeutil.h
/home/code/os/core/v2/support/os/install/include/stdarg.h
/usr/local/zork20/gnutools/mipsisa32-elf-i386-linux/lib/gcc-lib/mipsisa32-elf/3.2.1/include/stdarg.h
/home/code/os/core/v2/support/os/install/include/stdio.h
/home/code/os/core/v2/support/os/install/include/base/lib/stdio/stdio.h
/home/code/os/core/v2/support/os/install/include/halconf/libc_stdio.h
/home/code/os/core/v2/support/os/install/include/base/lib/stdio/stdio.inl
/home/code/os/core/v2/support/os/install/include/limits.h
/home/code/os/core/v2/support/os/install/include/base/fileio/limits.h
/home/code/os/core/v2/support/os/install/include/halconf/io_fileio.h
/home/code/os/core/v2/support/os/install/include/base/posix/limits.h
/usr/local/user/base/zork20/gnutools/mipsisa32-elf-i386-linux/mipsisa32-elf/include/limits.h
/usr/local/user/base/zork20/gnutools/mipsisa32-elf-i386-linux/lib/gcc-lib/mipsisa32-elf/3.2.1/include/limits.h
/home/code/app/base/src/src/inc/seckrb.h
/home/code/app/base/src/src/inc/bas/globalbas.h
/home/code/app/base/src/src/inc/bas/bldOptDefault/default/operbas.h
/home/code/app/base/apps/prod/basinc/src/globalbasCustom.h
/home/code/app/base/src/src/inc/bas/secbas.h
/home/code/app/base/src/src/inc/bas/customdefault/secbasCustom.h
/home/code/os/core/v2/support/os/install/include/stdlib.h
/home/code/os/core/v2/support/os/install/include/base/lib/stdlib/atox.inl
/home/code/os/core/v2/support/os/install/include/halconf/libc_stdlib.h
/home/code/os/core/v2/support/os/install/include/base/lib/stdlib/abs.inl
/home/code/os/core/v2/support/os/install/include/base/lib/stdlib/div.inl
/home/code/app/base/src/src/sec/client/src/des_int.h
/home/code/app/base/src/src/sec/client/ParseLibMain.h
